\BOOKMARK [0][-]{chapter.1}{\376\377\000I\000n\000t\000r\000o\000d\000u\000z\000i\000o\000n\000e}{}% 1
\BOOKMARK [1][-]{section.1.1}{\376\377\000C\000a\000m\000p\000i}{chapter.1}% 2
\BOOKMARK [2][-]{subsection.1.1.1}{\376\377\000E\000s\000e\000m\000p\000i\000\040\000d\000i\000\040\000c\000a\000m\000p\000i}{section.1.1}% 3
\BOOKMARK [1][-]{section.1.2}{\376\377\000F\000u\000n\000z\000i\000o\000n\000e\000\040\000d\000i\000\040\000E\000u\000l\000e\000r\000o}{chapter.1}% 4
\BOOKMARK [1][-]{section.1.3}{\376\377\000R\000S\000A}{chapter.1}% 5
\BOOKMARK [2][-]{subsection.1.3.1}{\376\377\000C\000r\000e\000a\000z\000i\000o\000n\000e\000\040\000d\000e\000l\000l\000e\000\040\000c\000h\000i\000a\000v\000i}{section.1.3}% 6
\BOOKMARK [1][-]{section.1.4}{\376\377\000D\000i\000f\000f\000i\000e\000-\000H\000e\000l\000l\000m\000a\000n}{chapter.1}% 7
\BOOKMARK [0][-]{chapter.2}{\376\377\000C\000u\000r\000v\000e\000\040\000E\000l\000l\000i\000t\000t\000i\000c\000h\000e}{}% 8
\BOOKMARK [1][-]{section.2.1}{\376\377\000C\000u\000r\000v\000e\000\040\000e\000l\000l\000i\000t\000t\000i\000c\000h\000e\000\040\000s\000u\000\040\000R}{chapter.2}% 9
\BOOKMARK [2][-]{subsection.2.1.1}{\376\377\000C\000a\000r\000a\000t\000t\000e\000r\000i\000s\000t\000i\000c\000h\000e\000\040\000c\000u\000r\000v\000e\000\040\000e\000l\000l\000i\000t\000t\000i\000c\000h\000e}{section.2.1}% 10
\BOOKMARK [2][-]{subsection.2.1.2}{\376\377\000P\000u\000n\000t\000o\000\040\000a\000l\000l\000'\000i\000n\000f\000i\000n\000i\000t\000o}{section.2.1}% 11
\BOOKMARK [2][-]{subsection.2.1.3}{\376\377\000S\000o\000m\000m\000a\000\040\000s\000u\000\040\000c\000u\000r\000v\000e\000\040\000e\000l\000l\000i\000t\000t\000i\000c\000h\000e}{section.2.1}% 12
\BOOKMARK [2][-]{subsection.2.1.4}{\376\377\000M\000o\000l\000t\000i\000p\000l\000i\000c\000a\000z\000i\000o\000n\000e\000\040\000s\000c\000a\000l\000a\000r\000e}{section.2.1}% 13
\BOOKMARK [2][-]{subsection.2.1.5}{\376\377\000D\000o\000u\000b\000l\000e\000-\000a\000n\000d\000-\000a\000d\000d}{section.2.1}% 14
\BOOKMARK [1][-]{section.2.2}{\376\377\000C\000u\000r\000v\000e\000\040\000s\000u\000\040\000c\000a\000m\000p\000o\000\040\000f\000i\000n\000i\000t\000o}{chapter.2}% 15
\BOOKMARK [2][-]{subsection.2.2.1}{\376\377\000C\000r\000e\000a\000z\000i\000o\000n\000e\000\040\000d\000i\000\040\000c\000h\000i\000a\000v\000i\000\040\000s\000u\000\040\000Z\000p}{section.2.2}% 16
\BOOKMARK [2][-]{subsection.2.2.2}{\376\377\000M\000e\000t\000o\000d\000i\000\040\000a\000\040\000c\000o\000n\000f\000r\000o\000n\000t\000o}{section.2.2}% 17
\BOOKMARK [2][-]{subsection.2.2.3}{\376\377\000P\000r\000o\000b\000l\000e\000m\000a\000\040\000d\000e\000l\000\040\000l\000o\000g\000a\000r\000i\000t\000m\000o\000\040\000d\000i\000s\000c\000r\000e\000t\000o}{section.2.2}% 18
\BOOKMARK [2][-]{subsection.2.2.4}{\376\377\000A\000l\000g\000o\000r\000i\000t\000m\000i\000\040\000d\000i\000\040\000a\000t\000t\000a\000c\000c\000o}{section.2.2}% 19
\BOOKMARK [0][-]{chapter.3}{\376\377\000P\000r\000o\000t\000o\000c\000o\000l\000l\000i\000\040\000b\000a\000s\000a\000t\000i\000\040\000s\000u\000\040\000C\000u\000r\000v\000e\000\040\000E\000l\000l\000i\000t\000t\000i\000c\000h\000e}{}% 20
\BOOKMARK [1][-]{section.3.1}{\376\377\000F\000i\000r\000m\000a\000\040\000d\000i\000g\000i\000t\000a\000l\000e}{chapter.3}% 21
\BOOKMARK [2][-]{subsection.3.1.1}{\376\377\000G\000e\000n\000e\000r\000a\000z\000i\000o\000n\000e\000\040\000d\000e\000l\000l\000e\000\040\000c\000h\000i\000a\000v\000i\000\040\000p\000e\000r\000\040\000c\000o\000m\000u\000n\000i\000c\000a\000r\000e}{section.3.1}% 22
\BOOKMARK [2][-]{subsection.3.1.2}{\376\377\000V\000e\000r\000i\000f\000i\000c\000a\000\040\000d\000e\000l\000l\000a\000\040\000c\000h\000i\000a\000v\000e\000\040\000p\000u\000b\000b\000l\000i\000c\000a}{section.3.1}% 23
\BOOKMARK [2][-]{subsection.3.1.3}{\376\377\000C\000r\000e\000a\000z\000i\000o\000n\000e\000\040\000d\000i\000\040\000u\000n\000a\000\040\000f\000i\000r\000m\000a\000\040\000d\000i\000g\000i\000t\000a\000l\000e}{section.3.1}% 24
\BOOKMARK [2][-]{subsection.3.1.4}{\376\377\000P\000o\000t\000e\000n\000z\000i\000a\000l\000e\000\040\000v\000u\000l\000n\000e\000r\000a\000b\000i\000l\000i\000t\000\340}{section.3.1}% 25
\BOOKMARK [2][-]{subsection.3.1.5}{\376\377\000V\000e\000r\000i\000f\000i\000c\000a\000\040\000d\000i\000\040\000u\000n\000a\000\040\000f\000i\000r\000m\000a\000\040\000d\000i\000g\000i\000t\000a\000l\000e}{section.3.1}% 26
\BOOKMARK [1][-]{section.3.2}{\376\377\000C\000o\000d\000i\000f\000i\000c\000a\000\040\000d\000i\000\040\000u\000n\000\040\000m\000e\000s\000s\000a\000g\000g\000i\000o}{chapter.3}% 27
\BOOKMARK [1][-]{section.3.3}{\376\377\000D\000e\000c\000o\000d\000i\000f\000i\000c\000a\000\040\000d\000i\000\040\000u\000n\000\040\000m\000e\000s\000s\000a\000g\000g\000i\000o}{chapter.3}% 28
\BOOKMARK [0][-]{chapter.4}{\376\377\000E\000C\000C\000\040\000n\000e\000i\000\040\000D\000i\000s\000p\000o\000s\000i\000t\000i\000v\000i\000\040\000I\000o\000T}{}% 29
\BOOKMARK [1][-]{section.4.1}{\376\377\000V\000i\000n\000c\000o\000l\000i\000\040\000H\000a\000r\000d\000w\000a\000r\000e\000\040\000d\000e\000i\000\040\000d\000i\000s\000p\000o\000s\000i\000t\000i\000v\000i\000\040\000I\000o\000T}{chapter.4}% 30
\BOOKMARK [1][-]{section.4.2}{\376\377\000P\000e\000r\000c\000h\000\351\000\040\000R\000S\000A\000\040\000\350\000\040\000i\000n\000a\000d\000a\000t\000t\000o}{chapter.4}% 31
\BOOKMARK [2][-]{subsection.4.2.1}{\376\377\000R\000e\000q\000u\000i\000s\000i\000t\000i\000\040\000d\000i\000\040\000m\000e\000m\000o\000r\000i\000a}{section.4.2}% 32
\BOOKMARK [2][-]{subsection.4.2.2}{\376\377\000C\000o\000n\000s\000u\000m\000o\000\040\000e\000n\000e\000r\000g\000e\000t\000i\000c\000o}{section.4.2}% 33
\BOOKMARK [2][-]{subsection.4.2.3}{\376\377\000G\000e\000n\000e\000r\000a\000z\000i\000o\000n\000e\000\040\000d\000e\000l\000l\000e\000\040\000C\000h\000i\000a\000v\000i\000\040\000e\000\040\000T\000e\000m\000p\000o\000\040\000d\000i\000\040\000E\000s\000e\000c\000u\000z\000i\000o\000n\000e}{section.4.2}% 34
\BOOKMARK [1][-]{section.4.3}{\376\377\000P\000r\000o\000t\000o\000c\000o\000l\000l\000i\000\040\000d\000i\000\040\000c\000o\000m\000u\000n\000i\000c\000a\000z\000i\000o\000n\000e}{chapter.4}% 35
\BOOKMARK [1][-]{section.4.4}{\376\377\000D\000T\000L\000S}{chapter.4}% 36
\BOOKMARK [2][-]{subsection.4.4.1}{\376\377\000S\000c\000a\000m\000b\000i\000o\000\040\000d\000i\000\040\000c\000h\000i\000a\000v\000i\000\040\000s\000u\000\040\000D\000T\000L\000S}{section.4.4}% 37
\BOOKMARK [1][-]{section.4.5}{\376\377\000C\000u\000r\000v\000a\000\040\000P\000-\0002\0005\0006}{chapter.4}% 38
\BOOKMARK [1][-]{section.4.6}{\376\377\000E\000S\000P\0003\0002\000\040\000m\000b\000e\000d\000T\000L\000S}{chapter.4}% 39
\BOOKMARK [1][-]{section.4.7}{\376\377\000N\000o\000t\000e\000\040\000a\000g\000g\000i\000u\000n\000t\000i\000v\000e}{chapter.4}% 40
\BOOKMARK [0][-]{chapter.5}{\376\377\000C\000o\000n\000c\000l\000u\000s\000i\000o\000n\000i}{}% 41
